Initialized native services in: /data/data/com.termux/files/home/.gradle/native
Initialized jansi services in: /data/data/com.termux/files/home/.gradle/native
Received JVM installation metadata from '/data/data/com.termux/files/usr/lib/jvm/java-21-openjdk': {JAVA_HOME=/data/data/com.termux/files/usr/lib/jvm/java-21-openjdk, JAVA_VERSION=21.0.11, JAVA_VENDOR=Termux, RUNTIME_NAME=OpenJDK Runtime Environment, RUNTIME_VERSION=21.0.11, VM_NAME=OpenJDK 64-Bit Server VM, VM_VERSION=21.0.11, VM_VENDOR=Termux, OS_ARCH=aarch64}
Checking if the launcher JVM can be re-used for build. To be re-used, the launcher JVM needs to match the parameters required for the build process: -XX:+HeapDumpOnOutOfMemoryError --add-opens=java.base/java.util=ALL-UNNAMED --add-opens=java.base/java.lang=ALL-UNNAMED --add-opens=java.base/java.lang.invoke=ALL-UNNAMED --add-opens=java.prefs/java.util.prefs=ALL-UNNAMED --add-opens=java.base/java.nio.charset=ALL-UNNAMED --add-opens=java.base/java.net=ALL-UNNAMED --add-opens=java.base/java.util.concurrent.atomic=ALL-UNNAMED -Xmx4g -Dfile.encoding=UTF-8 -Duser.country -Duser.language=en -Duser.variant
To honour the JVM settings for this build a single-use Daemon process will be forked. For more on this, please refer to https://docs.gradle.org/8.6/userguide/gradle_daemon.html#sec:disabling_the_daemon in the Gradle documentation.
Starting process 'Gradle build daemon'. Working directory: /data/data/com.termux/files/home/.gradle/daemon/8.6 Command: /data/data/com.termux/files/usr/lib/jvm/java-21-openjdk/bin/java -XX:+HeapDumpOnOutOfMemoryError --add-opens=java.base/java.util=ALL-UNNAMED --add-opens=java.base/java.lang=ALL-UNNAMED --add-opens=java.base/java.lang.invoke=ALL-UNNAMED --add-opens=java.prefs/java.util.prefs=ALL-UNNAMED --add-opens=java.base/java.nio.charset=ALL-UNNAMED --add-opens=java.base/java.net=ALL-UNNAMED --add-opens=java.base/java.util.concurrent.atomic=ALL-UNNAMED -Xmx4g -Dfile.encoding=UTF-8 -Duser.country -Duser.language=en -Duser.variant -cp /data/data/com.termux/files/home/.gradle/wrapper/dists/gradle-8.6-bin/afr5mpiioh2wthjmwnkmdsd5w/gradle-8.6/lib/gradle-launcher-8.6.jar -javaagent:/data/data/com.termux/files/home/.gradle/wrapper/dists/gradle-8.6-bin/afr5mpiioh2wthjmwnkmdsd5w/gradle-8.6/lib/agents/gradle-instrumentation-agent-8.6.jar org.gradle.launcher.daemon.bootstrap.GradleDaemon 8.6
Successfully started process 'Gradle build daemon'
An attempt to start the daemon took 2.718 secs.
The client will now receive all logging from the daemon (pid: 9937). The daemon log file: /data/data/com.termux/files/home/.gradle/daemon/8.6/daemon-9937.out.log
Daemon will be stopped at the end of the build 
Using 7 worker leases.
Received JVM installation metadata from '/data/data/com.termux/files/usr/lib/jvm/java-21-openjdk': {JAVA_HOME=/data/data/com.termux/files/usr/lib/jvm/java-21-openjdk, JAVA_VERSION=21.0.11, JAVA_VENDOR=Termux, RUNTIME_NAME=OpenJDK Runtime Environment, RUNTIME_VERSION=21.0.11, VM_NAME=OpenJDK 64-Bit Server VM, VM_VERSION=21.0.11, VM_VENDOR=Termux, OS_ARCH=aarch64}
Watching the file system is configured to be enabled if available
File system watching is inactive
Starting Build
Settings evaluated using settings file '/data/data/com.termux/files/home/play-ground/ronin_shm/settings.gradle.kts'.
Projects loaded. Root project using build file '/data/data/com.termux/files/home/play-ground/ronin_shm/build.gradle.kts'.
Included projects: [root project 'PhoneSHM', project ':app', project ':core', project ':feature', project ':core:audio', project ':core:baseline', project ':core:database', project ':core:device', project ':core:dsp', project ':core:location', project ':core:modal', project ':core:physics', project ':core:quality', project ':core:sensor', project ':core:storage', project ':feature:analysis', project ':feature:measurement', project ':feature:onboarding', project ':feature:report']

> Configure project :
Evaluating root project 'PhoneSHM' using build file '/data/data/com.termux/files/home/play-ground/ronin_shm/build.gradle.kts'.
Transforming gradle-settings-api-8.4.1.jar (com.android.tools.build:gradle-settings-api:8.4.1) with ExternalDependencyInstrumentingArtifactTransform
Transforming sdk-common-31.4.1.jar (com.android.tools:sdk-common:31.4.1) with ExternalDependencyInstrumentingArtifactTransform
Transforming lint-model-31.4.1.jar (com.android.tools.lint:lint-model:31.4.1) with ExternalDependencyInstrumentingArtifactTransform
Transforming sdklib-31.4.1.jar (com.android.tools:sdklib:31.4.1) with ExternalDependencyInstrumentingArtifactTransform
Transforming gradle-8.4.1.jar (com.android.tools.build:gradle:8.4.1) with ExternalDependencyInstrumentingArtifactTransform
Transforming builder-8.4.1.jar (com.android.tools.build:builder:8.4.1) with ExternalDependencyInstrumentingArtifactTransform
Transforming manifest-merger-31.4.1.jar (com.android.tools.build:manifest-merger:31.4.1) with ExternalDependencyInstrumentingArtifactTransform
Transforming repository-31.4.1.jar (com.android.tools:repository:31.4.1) with ExternalDependencyInstrumentingArtifactTransform
Transforming databinding-compiler-common-8.4.1.jar (androidx.databinding:databinding-compiler-common:8.4.1) with ExternalDependencyInstrumentingArtifactTransform
Transforming android-test-plugin-host-emulator-control-proto-31.4.1.jar (com.android.tools.utp:android-test-plugin-host-emulator-control-proto:31.4.1) with ExternalDependencyInstrumentingArtifactTransform
Transforming android-test-plugin-host-retention-proto-31.4.1.jar (com.android.tools.utp:android-test-plugin-host-retention-proto:31.4.1) with ExternalDependencyInstrumentingArtifactTransform
Transforming aaptcompiler-8.4.1.jar (com.android.tools.build:aaptcompiler:8.4.1) with ExternalDependencyInstrumentingArtifactTransform
Transforming shared-31.4.1.jar (com.android.tools.analytics-library:shared:31.4.1) with ExternalDependencyInstrumentingArtifactTransform
Transforming tracker-31.4.1.jar (com.android.tools.analytics-library:tracker:31.4.1) with ExternalDependencyInstrumentingArtifactTransform
Transforming builder-model-8.4.1.jar (com.android.tools.build:builder-model:8.4.1) with ExternalDependencyInstrumentingArtifactTransform
Transforming gradle-api-8.4.1.jar (com.android.tools.build:gradle-api:8.4.1) with ExternalDependencyInstrumentingArtifactTransform
Transforming layoutlib-api-31.4.1.jar (com.android.tools.layoutlib:layoutlib-api:31.4.1) with ExternalDependencyInstrumentingArtifactTransform
Transforming ddmlib-31.4.1.jar (com.android.tools.ddms:ddmlib:31.4.1) with ExternalDependencyInstrumentingArtifactTransform
Transforming builder-test-api-8.4.1.jar (com.android.tools.build:builder-test-api:8.4.1) with ExternalDependencyInstrumentingArtifactTransform
Transforming dvlib-31.4.1.jar (com.android.tools:dvlib:31.4.1) with ExternalDependencyInstrumentingArtifactTransform
Transforming common-31.4.1.jar (com.android.tools:common:31.4.1) with ExternalDependencyInstrumentingArtifactTransform
Transforming kotlin-stdlib-jdk8-1.9.20.jar (org.jetbrains.kotlin:kotlin-stdlib-jdk8:1.9.20) with ExternalDependencyInstrumentingArtifactTransform
Transforming jetifier-processor-1.0.0-beta10.jar (com.android.tools.build.jetifier:jetifier-processor:1.0.0-beta10) with ExternalDependencyInstrumentingArtifactTransform
Transforming jetifier-core-1.0.0-beta10.jar (com.android.tools.build.jetifier:jetifier-core:1.0.0-beta10) with ExternalDependencyInstrumentingArtifactTransform
Transforming kotlin-reflect-1.9.20.jar (org.jetbrains.kotlin:kotlin-reflect:1.9.20) with ExternalDependencyInstrumentingArtifactTransform
Transforming kotlin-stdlib-jdk7-1.9.20.jar (org.jetbrains.kotlin:kotlin-stdlib-jdk7:1.9.20) with ExternalDependencyInstrumentingArtifactTransform
Transforming annotations-13.0.jar (org.jetbrains:annotations:13.0) with ExternalDependencyInstrumentingArtifactTransform
Transforming kotlin-stdlib-1.9.20.jar (org.jetbrains.kotlin:kotlin-stdlib:1.9.20) with ExternalDependencyInstrumentingArtifactTransform
Transforming kotlin-gradle-plugin-model-1.9.24.jar (org.jetbrains.kotlin:kotlin-gradle-plugin-model:1.9.24) with ExternalDependencyInstrumentingArtifactTransform
Transforming kotlin-gradle-plugin-api-1.9.24.jar (org.jetbrains.kotlin:kotlin-gradle-plugin-api:1.9.24) with ExternalDependencyInstrumentingArtifactTransform
Transforming kotlin-gradle-plugin-1.9.24-gradle82.jar (org.jetbrains.kotlin:kotlin-gradle-plugin:1.9.24) with ExternalDependencyInstrumentingArtifactTransform
Transforming bundletool-1.15.6.jar (com.android.tools.build:bundletool:1.15.6) with ExternalDependencyInstrumentingArtifactTransform
Transforming aapt2-proto-8.4.1-11315950.jar (com.android.tools.build:aapt2-proto:8.4.1-11315950) with ExternalDependencyInstrumentingArtifactTransform
Transforming crash-31.4.1.jar (com.android.tools.analytics-library:crash:31.4.1) with ExternalDependencyInstrumentingArtifactTransform
Transforming lint-typedef-remover-31.4.1.jar (com.android.tools.lint:lint-typedef-remover:31.4.1) with ExternalDependencyInstrumentingArtifactTransform
Transforming databinding-common-8.4.1.jar (androidx.databinding:databinding-common:8.4.1) with ExternalDependencyInstrumentingArtifactTransform
Transforming baseLibrary-8.4.1.jar (com.android.databinding:baseLibrary:8.4.1) with ExternalDependencyInstrumentingArtifactTransform
Transforming android-device-provider-ddmlib-proto-31.4.1.jar (com.android.tools.utp:android-device-provider-ddmlib-proto:31.4.1) with ExternalDependencyInstrumentingArtifactTransform
Transforming android-device-provider-gradle-proto-31.4.1.jar (com.android.tools.utp:android-device-provider-gradle-proto:31.4.1) with ExternalDependencyInstrumentingArtifactTransform
Transforming android-test-plugin-host-additional-test-output-proto-31.4.1.jar (com.android.tools.utp:android-test-plugin-host-additional-test-output-proto:31.4.1) with ExternalDependencyInstrumentingArtifactTransform
Transforming android-test-plugin-host-coverage-proto-31.4.1.jar (com.android.tools.utp:android-test-plugin-host-coverage-proto:31.4.1) with ExternalDependencyInstrumentingArtifactTransform
Transforming android-test-plugin-host-logcat-proto-31.4.1.jar (com.android.tools.utp:android-test-plugin-host-logcat-proto:31.4.1) with ExternalDependencyInstrumentingArtifactTransform
Transforming android-test-plugin-host-apk-installer-proto-31.4.1.jar (com.android.tools.utp:android-test-plugin-host-apk-installer-proto:31.4.1) with ExternalDependencyInstrumentingArtifactTransform
Transforming android-test-plugin-result-listener-gradle-proto-31.4.1.jar (com.android.tools.utp:android-test-plugin-result-listener-gradle-proto:31.4.1) with ExternalDependencyInstrumentingArtifactTransform
Transforming transform-api-2.0.0-deprecated-use-gradle-api.jar (com.android.tools.build:transform-api:2.0.0-deprecated-use-gradle-api) with ExternalDependencyInstrumentingArtifactTransform
Transforming commons-io-2.13.0.jar (commons-io:commons-io:2.13.0) with ExternalDependencyInstrumentingArtifactTransform
Transforming httpmime-4.5.6.jar (org.apache.httpcomponents:httpmime:4.5.6) with ExternalDependencyInstrumentingArtifactTransform
Transforming asm-commons-9.6.jar (org.ow2.asm:asm-commons:9.6) with ExternalDependencyInstrumentingArtifactTransform
Transforming asm-tree-9.6.jar (org.ow2.asm:asm-tree:9.6) with ExternalDependencyInstrumentingArtifactTransform
Transforming asm-util-9.6.jar (org.ow2.asm:asm-util:9.6) with ExternalDependencyInstrumentingArtifactTransform
Transforming asm-analysis-9.6.jar (org.ow2.asm:asm-analysis:9.6) with ExternalDependencyInstrumentingArtifactTransform
Transforming asm-9.6.jar (org.ow2.asm:asm:9.6) with ExternalDependencyInstrumentingArtifactTransform
Transforming apkzlib-8.4.1.jar (com.android.tools.build:apkzlib:8.4.1) with ExternalDependencyInstrumentingArtifactTransform
Transforming bcpkix-jdk18on-1.77.jar (org.bouncycastle:bcpkix-jdk18on:1.77) with ExternalDependencyInstrumentingArtifactTransform
Transforming jopt-simple-4.9.jar (net.sf.jopt-simple:jopt-simple:4.9) with ExternalDependencyInstrumentingArtifactTransform
Transforming javapoet-1.10.0.jar (com.squareup:javapoet:1.10.0) with ExternalDependencyInstrumentingArtifactTransform
Transforming jaxb-runtime-2.3.2.jar (org.glassfish.jaxb:jaxb-runtime:2.3.2) with ExternalDependencyInstrumentingArtifactTransform
Transforming protobuf-java-util-3.22.3.jar (com.google.protobuf:protobuf-java-util:3.22.3) with ExternalDependencyInstrumentingArtifactTransform
Transforming grpc-protobuf-1.57.0.jar (io.grpc:grpc-protobuf:1.57.0) with ExternalDependencyInstrumentingArtifactTransform
Transforming tink-1.7.0.jar (com.google.crypto.tink:tink:1.7.0) with ExternalDependencyInstrumentingArtifactTransform
Transforming protos-31.4.1.jar (com.android.tools.analytics-library:protos:31.4.1) with ExternalDependencyInstrumentingArtifactTransform
Transforming proto-google-common-protos-2.17.0.jar (com.google.api.grpc:proto-google-common-protos:2.17.0) with ExternalDependencyInstrumentingArtifactTransform
Transforming protobuf-java-3.22.3.jar (com.google.protobuf:protobuf-java:3.22.3) with ExternalDependencyInstrumentingArtifactTransform
Transforming grpc-netty-1.57.0.jar (io.grpc:grpc-netty:1.57.0) with ExternalDependencyInstrumentingArtifactTransform
Transforming grpc-core-1.57.0.jar (io.grpc:grpc-core:1.57.0) with ExternalDependencyInstrumentingArtifactTransform
Transforming gson-2.10.1.jar (com.google.code.gson:gson:2.10.1) with ExternalDependencyInstrumentingArtifactTransform
Transforming grpc-stub-1.57.0.jar (io.grpc:grpc-stub:1.57.0) with ExternalDependencyInstrumentingArtifactTransform
Transforming core-proto-0.0.9-alpha02.jar (com.google.testing.platform:core-proto:0.0.9-alpha02) with ExternalDependencyInstrumentingArtifactTransform
Transforming kxml2-2.3.0.jar (net.sf.kxml:kxml2:2.3.0) with ExternalDependencyInstrumentingArtifactTransform
Transforming tensorflow-lite-metadata-0.1.0-rc2.jar (org.tensorflow:tensorflow-lite-metadata:0.1.0-rc2) with ExternalDependencyInstrumentingArtifactTransform
Transforming flatbuffers-java-1.12.0.jar (com.google.flatbuffers:flatbuffers-java:1.12.0) with ExternalDependencyInstrumentingArtifactTransform
Transforming kotlin-gradle-plugin-idea-proto-1.9.24.jar (org.jetbrains.kotlin:kotlin-gradle-plugin-idea-proto:1.9.24) with ExternalDependencyInstrumentingArtifactTransform
Transforming kotlin-gradle-plugin-idea-1.9.24.jar (org.jetbrains.kotlin:kotlin-gradle-plugin-idea:1.9.24) with ExternalDependencyInstrumentingArtifactTransform
Transforming kotlin-klib-commonizer-api-1.9.24.jar (org.jetbrains.kotlin:kotlin-klib-commonizer-api:1.9.24) with ExternalDependencyInstrumentingArtifactTransform
Transforming kotlin-native-utils-1.9.24.jar (org.jetbrains.kotlin:kotlin-native-utils:1.9.24) with ExternalDependencyInstrumentingArtifactTransform
Transforming kotlin-util-klib-1.9.24.jar (org.jetbrains.kotlin:kotlin-util-klib:1.9.24) with ExternalDependencyInstrumentingArtifactTransform
Transforming kotlin-build-tools-api-1.9.24.jar (org.jetbrains.kotlin:kotlin-build-tools-api:1.9.24) with ExternalDependencyInstrumentingArtifactTransform
Transforming kotlin-android-extensions-1.9.24.jar (org.jetbrains.kotlin:kotlin-android-extensions:1.9.24) with ExternalDependencyInstrumentingArtifactTransform
Transforming kotlin-compiler-runner-1.9.24.jar (org.jetbrains.kotlin:kotlin-compiler-runner:1.9.24) with ExternalDependencyInstrumentingArtifactTransform
Transforming kotlin-compiler-embeddable-1.9.24.jar (org.jetbrains.kotlin:kotlin-compiler-embeddable:1.9.24) with ExternalDependencyInstrumentingArtifactTransform
Transforming kotlin-scripting-compiler-embeddable-1.9.24.jar (org.jetbrains.kotlin:kotlin-scripting-compiler-embeddable:1.9.24) with ExternalDependencyInstrumentingArtifactTransform
Transforming kotlin-scripting-compiler-impl-embeddable-1.9.24.jar (org.jetbrains.kotlin:kotlin-scripting-compiler-impl-embeddable:1.9.24) with ExternalDependencyInstrumentingArtifactTransform
Transforming jimfs-1.1.jar (com.google.jimfs:jimfs:1.1) with ExternalDependencyInstrumentingArtifactTransform
Transforming grpc-context-1.57.0.jar (io.grpc:grpc-context:1.57.0) with ExternalDependencyInstrumentingArtifactTransform
Transforming grpc-protobuf-lite-1.57.0.jar (io.grpc:grpc-protobuf-lite:1.57.0) with ExternalDependencyInstrumentingArtifactTransform
Transforming grpc-api-1.57.0.jar (io.grpc:grpc-api:1.57.0) with ExternalDependencyInstrumentingArtifactTransform
Transforming guava-32.0.1-jre.jar (com.google.guava:guava:32.0.1-jre) with ExternalDependencyInstrumentingArtifactTransform
Transforming javax.inject-1.jar (javax.inject:javax.inject:1) with ExternalDependencyInstrumentingArtifactTransform
Transforming bcutil-jdk18on-1.77.jar (org.bouncycastle:bcutil-jdk18on:1.77) with ExternalDependencyInstrumentingArtifactTransform
Transforming dagger-2.28.3.jar (com.google.dagger:dagger:2.28.3) with ExternalDependencyInstrumentingArtifactTransform
Transforming bcprov-jdk18on-1.77.jar (org.bouncycastle:bcprov-jdk18on:1.77) with ExternalDependencyInstrumentingArtifactTransform
Transforming commons-compress-1.21.jar (org.apache.commons:commons-compress:1.21) with ExternalDependencyInstrumentingArtifactTransform
Transforming trove4j-1.0.20200330.jar (org.jetbrains.intellij.deps:trove4j:1.0.20200330) with ExternalDependencyInstrumentingArtifactTransform
Transforming httpclient-4.5.14.jar (org.apache.httpcomponents:httpclient:4.5.14) with ExternalDependencyInstrumentingArtifactTransform
Transforming httpcore-4.4.16.jar (org.apache.httpcomponents:httpcore:4.4.16) with ExternalDependencyInstrumentingArtifactTransform
Transforming javax.activation-1.2.0.jar (com.sun.activation:javax.activation:1.2.0) with ExternalDependencyInstrumentingArtifactTransform
Transforming signflinger-8.4.1.jar (com.android:signflinger:8.4.1) with ExternalDependencyInstrumentingArtifactTransform
Transforming zipflinger-8.4.1.jar (com.android:zipflinger:8.4.1) with ExternalDependencyInstrumentingArtifactTransform
Transforming annotations-31.4.1.jar (com.android.tools:annotations:31.4.1) with ExternalDependencyInstrumentingArtifactTransform
Transforming juniversalchardet-1.0.3.jar (com.googlecode.juniversalchardet:juniversalchardet:1.0.3) with ExternalDependencyInstrumentingArtifactTransform
Transforming jna-platform-5.6.0.jar (net.java.dev.jna:jna-platform:5.6.0) with ExternalDependencyInstrumentingArtifactTransform
Transforming javax.annotation-api-1.3.2.jar (javax.annotation:javax.annotation-api:1.3.2) with ExternalDependencyInstrumentingArtifactTransform
Transforming stax-ex-1.8.1.jar (org.jvnet.staxex:stax-ex:1.8.1) with ExternalDependencyInstrumentingArtifactTransform
Transforming jakarta.xml.bind-api-2.3.2.jar (jakarta.xml.bind:jakarta.xml.bind-api:2.3.2) with ExternalDependencyInstrumentingArtifactTransform
Transforming txw2-2.3.2.jar (org.glassfish.jaxb:txw2:2.3.2) with ExternalDependencyInstrumentingArtifactTransform
Transforming istack-commons-runtime-3.0.8.jar (com.sun.istack:istack-commons-runtime:3.0.8) with ExternalDependencyInstrumentingArtifactTransform
Transforming FastInfoset-1.2.16.jar (com.sun.xml.fastinfoset:FastInfoset:1.2.16) with ExternalDependencyInstrumentingArtifactTransform
Transforming jakarta.activation-api-1.2.1.jar (jakarta.activation:jakarta.activation-api:1.2.1) with ExternalDependencyInstrumentingArtifactTransform
Transforming auto-value-annotations-1.6.2.jar (com.google.auto.value:auto-value-annotations:1.6.2) with ExternalDependencyInstrumentingArtifactTransform
Transforming error_prone_annotations-2.18.0.jar (com.google.errorprone:error_prone_annotations:2.18.0) with ExternalDependencyInstrumentingArtifactTransform
Transforming jose4j-0.7.0.jar (org.bitbucket.b_c:jose4j:0.7.0) with ExternalDependencyInstrumentingArtifactTransform
Transforming slf4j-api-1.7.30.jar (org.slf4j:slf4j-api:1.7.30) with ExternalDependencyInstrumentingArtifactTransform
Transforming jsr305-3.0.2.jar (com.google.code.findbugs:jsr305:3.0.2) with ExternalDependencyInstrumentingArtifactTransform
Transforming jdom2-2.0.6.jar (org.jdom:jdom2:2.0.6) with ExternalDependencyInstrumentingArtifactTransform
Transforming j2objc-annotations-2.8.jar (com.google.j2objc:j2objc-annotations:2.8) with ExternalDependencyInstrumentingArtifactTransform
Transforming annotations-4.1.1.4.jar (com.google.android:annotations:4.1.1.4) with ExternalDependencyInstrumentingArtifactTransform
Transforming animal-sniffer-annotations-1.23.jar (org.codehaus.mojo:animal-sniffer-annotations:1.23) with ExternalDependencyInstrumentingArtifactTransform
Transforming perfmark-api-0.26.0.jar (io.perfmark:perfmark-api:0.26.0) with ExternalDependencyInstrumentingArtifactTransform
Transforming netty-codec-http2-4.1.93.Final.jar (io.netty:netty-codec-http2:4.1.93.Final) with ExternalDependencyInstrumentingArtifactTransform
Transforming netty-codec-http-4.1.93.Final.jar (io.netty:netty-codec-http:4.1.93.Final) with ExternalDependencyInstrumentingArtifactTransform
Transforming netty-handler-proxy-4.1.93.Final.jar (io.netty:netty-handler-proxy:4.1.93.Final) with ExternalDependencyInstrumentingArtifactTransform
Transforming netty-handler-4.1.93.Final.jar (io.netty:netty-handler:4.1.93.Final) with ExternalDependencyInstrumentingArtifactTransform
Transforming netty-transport-native-unix-common-4.1.93.Final.jar (io.netty:netty-transport-native-unix-common:4.1.93.Final) with ExternalDependencyInstrumentingArtifactTransform
Transforming checker-qual-3.33.0.jar (org.checkerframework:checker-qual:3.33.0) with ExternalDependencyInstrumentingArtifactTransform
Transforming apksig-8.4.1.jar (com.android.tools.build:apksig:8.4.1) with ExternalDependencyInstrumentingArtifactTransform
Transforming commons-codec-1.11.jar (commons-codec:commons-codec:1.11) with ExternalDependencyInstrumentingArtifactTransform
Transforming javawriter-2.5.0.jar (com.squareup:javawriter:2.5.0) with ExternalDependencyInstrumentingArtifactTransform
Transforming kotlin-gradle-plugin-annotations-1.9.24.jar (org.jetbrains.kotlin:kotlin-gradle-plugin-annotations:1.9.24) with ExternalDependencyInstrumentingArtifactTransform
Transforming kotlin-project-model-1.9.24.jar (org.jetbrains.kotlin:kotlin-project-model:1.9.24) with ExternalDependencyInstrumentingArtifactTransform
Transforming kotlin-tooling-core-1.9.24.jar (org.jetbrains.kotlin:kotlin-tooling-core:1.9.24) with ExternalDependencyInstrumentingArtifactTransform
Transforming kotlin-util-io-1.9.24.jar (org.jetbrains.kotlin:kotlin-util-io:1.9.24) with ExternalDependencyInstrumentingArtifactTransform
Transforming kotlin-daemon-embeddable-1.9.24.jar (org.jetbrains.kotlin:kotlin-daemon-embeddable:1.9.24) with ExternalDependencyInstrumentingArtifactTransform
Transforming kotlin-daemon-client-1.9.24.jar (org.jetbrains.kotlin:kotlin-daemon-client:1.9.24) with ExternalDependencyInstrumentingArtifactTransform
Transforming kotlinx-coroutines-core-jvm-1.5.0.jar (org.jetbrains.kotlinx:kotlinx-coroutines-core-jvm:1.5.0) with ExternalDependencyInstrumentingArtifactTransform
Transforming kotlin-scripting-jvm-1.9.24.jar (org.jetbrains.kotlin:kotlin-scripting-jvm:1.9.24) with ExternalDependencyInstrumentingArtifactTransform
Transforming kotlin-scripting-common-1.9.24.jar (org.jetbrains.kotlin:kotlin-scripting-common:1.9.24) with ExternalDependencyInstrumentingArtifactTransform
Transforming failureaccess-1.0.1.jar (com.google.guava:failureaccess:1.0.1) with ExternalDependencyInstrumentingArtifactTransform
Transforming listenablefuture-9999.0-empty-to-avoid-conflict-with-guava.jar (com.google.guava:listenablefuture:9999.0-empty-to-avoid-conflict-with-guava) with ExternalDependencyInstrumentingArtifactTransform
Transforming commons-logging-1.2.jar (commons-logging:commons-logging:1.2) with ExternalDependencyInstrumentingArtifactTransform
Transforming jna-5.6.0.jar (net.java.dev.jna:jna:5.6.0) with ExternalDependencyInstrumentingArtifactTransform
Transforming netty-codec-socks-4.1.93.Final.jar (io.netty:netty-codec-socks:4.1.93.Final) with ExternalDependencyInstrumentingArtifactTransform
Transforming netty-codec-4.1.93.Final.jar (io.netty:netty-codec:4.1.93.Final) with ExternalDependencyInstrumentingArtifactTransform
Transforming netty-transport-4.1.93.Final.jar (io.netty:netty-transport:4.1.93.Final) with ExternalDependencyInstrumentingArtifactTransform
Transforming netty-buffer-4.1.93.Final.jar (io.netty:netty-buffer:4.1.93.Final) with ExternalDependencyInstrumentingArtifactTransform
Transforming netty-resolver-4.1.93.Final.jar (io.netty:netty-resolver:4.1.93.Final) with ExternalDependencyInstrumentingArtifactTransform
Transforming netty-common-4.1.93.Final.jar (io.netty:netty-common:4.1.93.Final) with ExternalDependencyInstrumentingArtifactTransform

> Configure project :app
Evaluating project ':app' using build file '/data/data/com.termux/files/home/play-ground/ronin_shm/app/build.gradle.kts'.
WARNING: The option setting 'android.aapt2FromMavenOverride=/data/data/com.termux/files/usr/bin/aapt2' is experimental.
Using default execution profile
Using Kotlin Gradle Plugin gradle82 variant

> Configure project :core
Evaluating project ':core' using build file '/data/data/com.termux/files/home/play-ground/ronin_shm/core/build.gradle'.

> Configure project :feature
Evaluating project ':feature' using build file '/data/data/com.termux/files/home/play-ground/ronin_shm/feature/build.gradle'.

> Configure project :core:audio
Evaluating project ':core:audio' using build file '/data/data/com.termux/files/home/play-ground/ronin_shm/core/audio/build.gradle.kts'.
Using default execution profile
Using Kotlin Gradle Plugin gradle82 variant

> Configure project :core:baseline
Evaluating project ':core:baseline' using build file '/data/data/com.termux/files/home/play-ground/ronin_shm/core/baseline/build.gradle.kts'.
Using default execution profile
Using Kotlin Gradle Plugin gradle82 variant

> Configure project :core:database
Evaluating project ':core:database' using build file '/data/data/com.termux/files/home/play-ground/ronin_shm/core/database/build.gradle.kts'.
Using default execution profile
Using Kotlin Gradle Plugin gradle82 variant

> Configure project :core:device
Evaluating project ':core:device' using build file '/data/data/com.termux/files/home/play-ground/ronin_shm/core/device/build.gradle.kts'.
Using default execution profile
Using Kotlin Gradle Plugin gradle82 variant

> Configure project :core:dsp
Evaluating project ':core:dsp' using build file '/data/data/com.termux/files/home/play-ground/ronin_shm/core/dsp/build.gradle.kts'.
Using default execution profile
Using Kotlin Gradle Plugin gradle82 variant
C/C++: android.ndkVersion from module build.gradle is [26.1.10909125]
C/C++: android.ndkPath from module build.gradle is not set
C/C++: ndk.dir in local.properties is not set
C/C++: Not considering ANDROID_NDK_HOME because support was removed after deprecation period.
C/C++: sdkFolder is /data/data/com.termux/files/home/Android/Sdk
C/C++: android.ndkVersion from module build.gradle is [26.1.10909125]
C/C++: android.ndkPath from module build.gradle is not set
C/C++: ndk.dir in local.properties is not set
C/C++: Not considering ANDROID_NDK_HOME because support was removed after deprecation period.
C/C++: sdkFolder is /data/data/com.termux/files/home/Android/Sdk
C/C++: android.ndkVersion from module build.gradle is [26.1.10909125]
C/C++: android.ndkPath from module build.gradle is not set
C/C++: ndk.dir in local.properties is not set
C/C++: Not considering ANDROID_NDK_HOME because support was removed after deprecation period.
C/C++: sdkFolder is /data/data/com.termux/files/home/Android/Sdk
C/C++: android.ndkVersion from module build.gradle is [26.1.10909125]
C/C++: android.ndkPath from module build.gradle is not set
C/C++: ndk.dir in local.properties is not set
C/C++: Not considering ANDROID_NDK_HOME because support was removed after deprecation period.
C/C++: sdkFolder is /data/data/com.termux/files/home/Android/Sdk
C/C++: android.ndkVersion from module build.gradle is [26.1.10909125]
C/C++: android.ndkPath from module build.gradle is not set
C/C++: ndk.dir in local.properties is not set
C/C++: Not considering ANDROID_NDK_HOME because support was removed after deprecation period.
C/C++: sdkFolder is /data/data/com.termux/files/home/Android/Sdk
C/C++: android.ndkVersion from module build.gradle is [26.1.10909125]
C/C++: android.ndkPath from module build.gradle is not set
C/C++: ndk.dir in local.properties is not set
C/C++: Not considering ANDROID_NDK_HOME because support was removed after deprecation period.
C/C++: sdkFolder is /data/data/com.termux/files/home/Android/Sdk
C/C++: android.ndkVersion from module build.gradle is [26.1.10909125]
C/C++: android.ndkPath from module build.gradle is not set
C/C++: ndk.dir in local.properties is not set
C/C++: Not considering ANDROID_NDK_HOME because support was removed after deprecation period.
C/C++: sdkFolder is /data/data/com.termux/files/home/Android/Sdk
C/C++: android.ndkVersion from module build.gradle is [26.1.10909125]
C/C++: android.ndkPath from module build.gradle is not set
C/C++: ndk.dir in local.properties is not set
C/C++: Not considering ANDROID_NDK_HOME because support was removed after deprecation period.
C/C++: sdkFolder is /data/data/com.termux/files/home/Android/Sdk
C/C++: android.ndkVersion from module build.gradle is [26.1.10909125]
C/C++: android.ndkPath from module build.gradle is not set
C/C++: ndk.dir in local.properties is not set
C/C++: Not considering ANDROID_NDK_HOME because support was removed after deprecation period.
C/C++: sdkFolder is /data/data/com.termux/files/home/Android/Sdk
C/C++: android.ndkVersion from module build.gradle is [26.1.10909125]
C/C++: android.ndkPath from module build.gradle is not set
C/C++: ndk.dir in local.properties is not set
C/C++: Not considering ANDROID_NDK_HOME because support was removed after deprecation period.
C/C++: sdkFolder is /data/data/com.termux/files/home/Android/Sdk
C/C++: android.ndkVersion from module build.gradle is [26.1.10909125]
C/C++: android.ndkPath from module build.gradle is not set
C/C++: ndk.dir in local.properties is not set
C/C++: Not considering ANDROID_NDK_HOME because support was removed after deprecation period.
C/C++: sdkFolder is /data/data/com.termux/files/home/Android/Sdk

> Configure project :core:location
Evaluating project ':core:location' using build file '/data/data/com.termux/files/home/play-ground/ronin_shm/core/location/build.gradle.kts'.
Using default execution profile
Using Kotlin Gradle Plugin gradle82 variant

> Configure project :core:modal
Evaluating project ':core:modal' using build file '/data/data/com.termux/files/home/play-ground/ronin_shm/core/modal/build.gradle.kts'.
Using default execution profile
Using Kotlin Gradle Plugin gradle82 variant

> Configure project :core:physics
Evaluating project ':core:physics' using build file '/data/data/com.termux/files/home/play-ground/ronin_shm/core/physics/build.gradle.kts'.
Using default execution profile
Using Kotlin Gradle Plugin gradle82 variant

> Configure project :core:quality
Evaluating project ':core:quality' using build file '/data/data/com.termux/files/home/play-ground/ronin_shm/core/quality/build.gradle.kts'.
Using default execution profile
Using Kotlin Gradle Plugin gradle82 variant

> Configure project :core:sensor
Evaluating project ':core:sensor' using build file '/data/data/com.termux/files/home/play-ground/ronin_shm/core/sensor/build.gradle.kts'.
Using default execution profile
Using Kotlin Gradle Plugin gradle82 variant

> Configure project :core:storage
Evaluating project ':core:storage' using build file '/data/data/com.termux/files/home/play-ground/ronin_shm/core/storage/build.gradle.kts'.
Using default execution profile
Using Kotlin Gradle Plugin gradle82 variant

> Configure project :feature:analysis
Evaluating project ':feature:analysis' using build file '/data/data/com.termux/files/home/play-ground/ronin_shm/feature/analysis/build.gradle.kts'.
Using default execution profile
Using Kotlin Gradle Plugin gradle82 variant
Caching disabled for Kotlin DSL script compilation (Project/TopLevel/stage2) because:
  Build cache is disabled

> Configure project :feature:measurement
Evaluating project ':feature:measurement' using build file '/data/data/com.termux/files/home/play-ground/ronin_shm/feature/measurement/build.gradle.kts'.
Using default execution profile
Using Kotlin Gradle Plugin gradle82 variant

> Configure project :feature:onboarding
Evaluating project ':feature:onboarding' using build file '/data/data/com.termux/files/home/play-ground/ronin_shm/feature/onboarding/build.gradle.kts'.
Using default execution profile
Using Kotlin Gradle Plugin gradle82 variant

> Configure project :feature:report
Evaluating project ':feature:report' using build file '/data/data/com.termux/files/home/play-ground/ronin_shm/feature/report/build.gradle.kts'.
Using default execution profile
Using Kotlin Gradle Plugin gradle82 variant
All projects evaluated.
Task path ':core:baseline:testDebugUnitTest' matched project ':core:baseline'
Task name matched 'testDebugUnitTest'
Selected primary task 'testDebugUnitTest' from project :core:baseline
Tasks to be executed: [task ':core:baseline:checkKotlinGradlePluginConfigurationErrors', task ':core:baseline:preBuild', task ':core:baseline:preDebugBuild', task ':core:baseline:generateDebugResValues', task ':core:baseline:generateDebugResources', task ':core:baseline:packageDebugResources', task ':core:baseline:parseDebugLocalResources', task ':core:baseline:generateDebugRFile', task ':core:baseline:compileDebugKotlin', task ':core:baseline:javaPreCompileDebug', task ':core:baseline:compileDebugJavaWithJavac', task ':core:baseline:bundleLibRuntimeToJarDebug', task ':core:baseline:bundleLibCompileToJarDebug', task ':core:baseline:preDebugUnitTestBuild', task ':core:baseline:generateDebugUnitTestStubRFile', task ':core:baseline:compileDebugUnitTestKotlin', task ':core:baseline:javaPreCompileDebugUnitTest', task ':core:baseline:compileDebugUnitTestJavaWithJavac', task ':core:baseline:processDebugJavaRes', task ':core:baseline:processDebugUnitTestJavaRes', task ':core:baseline:testDebugUnitTest']
Tasks that were excluded: []
Resolve mutations for :core:baseline:checkKotlinGradlePluginConfigurationErrors (Thread[#67,Execution worker,5,main]) started.
:core:baseline:checkKotlinGradlePluginConfigurationErrors (Thread[#66,included builds,5,main]) started.

> Task :core:baseline:checkKotlinGradlePluginConfigurationErrors
Caching disabled for task ':core:baseline:checkKotlinGradlePluginConfigurationErrors' because:
  Build cache is disabled
Task ':core:baseline:checkKotlinGradlePluginConfigurationErrors' is not up-to-date because:
  Task has not declared any outputs despite executing actions.
Resolve mutations for :core:baseline:preBuild (Thread[#66,included builds,5,main]) started.
:core:baseline:preBuild (Thread[#67,Execution worker,5,main]) started.

> Task :core:baseline:preBuild UP-TO-DATE
Skipping task ':core:baseline:preBuild' as it has no actions.
Resolve mutations for :core:baseline:preDebugBuild (Thread[#67,Execution worker,5,main]) started.
:core:baseline:preDebugBuild (Thread[#67,Execution worker,5,main]) started.

> Task :core:baseline:preDebugBuild UP-TO-DATE
Skipping task ':core:baseline:preDebugBuild' as it has no actions.
Resolve mutations for :core:baseline:generateDebugResValues (Thread[#69,Execution worker Thread 3,5,main]) started.
:core:baseline:generateDebugResValues (Thread[#67,Execution worker,5,main]) started.

> Task :core:baseline:generateDebugResValues UP-TO-DATE
Caching disabled for task ':core:baseline:generateDebugResValues' because:
  Build cache is disabled
Skipping task ':core:baseline:generateDebugResValues' as it is up-to-date.
Resolve mutations for :core:baseline:generateDebugResources (Thread[#67,Execution worker,5,main]) started.
:core:baseline:generateDebugResources (Thread[#69,Execution worker Thread 3,5,main]) started.

> Task :core:baseline:generateDebugResources UP-TO-DATE
Caching disabled for task ':core:baseline:generateDebugResources' because:
  Build cache is disabled
Skipping task ':core:baseline:generateDebugResources' as it is up-to-date.
Resolve mutations for :core:baseline:packageDebugResources (Thread[#69,Execution worker Thread 3,5,main]) started.
:core:baseline:packageDebugResources (Thread[#67,Execution worker,5,main]) started.

> Task :core:baseline:packageDebugResources UP-TO-DATE
Caching disabled for task ':core:baseline:packageDebugResources' because:
  Build cache is disabled
Skipping task ':core:baseline:packageDebugResources' as it is up-to-date.
Resolve mutations for :core:baseline:parseDebugLocalResources (Thread[#69,Execution worker Thread 3,5,main]) started.
:core:baseline:parseDebugLocalResources (Thread[#67,Execution worker,5,main]) started.

> Task :core:baseline:parseDebugLocalResources UP-TO-DATE
Transforming android.jar with PlatformAttrTransform
Transforming android.jar with PlatformAttrTransform
Caching disabled for task ':core:baseline:parseDebugLocalResources' because:
  Build cache is disabled
Skipping task ':core:baseline:parseDebugLocalResources' as it is up-to-date.
Resolve mutations for :core:baseline:generateDebugRFile (Thread[#67,Execution worker,5,main]) started.
:core:baseline:generateDebugRFile (Thread[#69,Execution worker Thread 3,5,main]) started.

> Task :core:baseline:generateDebugRFile UP-TO-DATE
Transforming android.jar with PlatformAttrTransform
Caching disabled for task ':core:baseline:generateDebugRFile' because:
  Build cache is disabled
Skipping task ':core:baseline:generateDebugRFile' as it is up-to-date.
work action resolve package-aware-r.txt (project :core:baseline) (Thread[#67,Execution worker,5,main]) started.
Resolve mutations for :core:baseline:compileDebugKotlin (Thread[#69,Execution worker Thread 3,5,main]) started.
:core:baseline:compileDebugKotlin (Thread[#69,Execution worker Thread 3,5,main]) started.

> Task :core:baseline:compileDebugKotlin UP-TO-DATE
Transforming core-ktx-1.13.1.aar (androidx.core:core-ktx:1.13.1) with AarToClassTransform
Transforming core-1.13.1.aar (androidx.core:core:1.13.1) with AarToClassTransform
Transforming lifecycle-runtime-2.6.2.aar (androidx.lifecycle:lifecycle-runtime:2.6.2) with AarToClassTransform
Transforming kotlinx-coroutines-android-1.8.1.jar (org.jetbrains.kotlinx:kotlinx-coroutines-android:1.8.1) with IdentityTransform
Transforming kotlinx-coroutines-core-jvm-1.8.1.jar (org.jetbrains.kotlinx:kotlinx-coroutines-core-jvm:1.8.1) with IdentityTransform
Transforming lifecycle-common-2.6.2.jar (androidx.lifecycle:lifecycle-common:2.6.2) with IdentityTransform
Transforming versionedparcelable-1.1.1.aar (androidx.versionedparcelable:versionedparcelable:1.1.1) with AarToClassTransform
Transforming core-common-2.2.0.jar (androidx.arch.core:core-common:2.2.0) with IdentityTransform
Transforming annotation-jvm-1.6.0.jar (androidx.annotation:annotation-jvm:1.6.0) with IdentityTransform
Transforming collection-1.0.0.jar (androidx.collection:collection:1.0.0) with IdentityTransform
Transforming annotation-experimental-1.4.0.aar (androidx.annotation:annotation-experimental:1.4.0) with AarToClassTransform
Transforming kotlin-stdlib-1.9.24.jar (org.jetbrains.kotlin:kotlin-stdlib:1.9.24) with IdentityTransform
Transforming annotations-23.0.0.jar (org.jetbrains:annotations:23.0.0) with IdentityTransform
Transforming R.jar with ClasspathEntrySnapshotTransform
Transforming core-ktx-1.13.1-api.jar with ClasspathEntrySnapshotTransform
Transforming core-1.13.1-api.jar with ClasspathEntrySnapshotTransform
Transforming lifecycle-runtime-2.6.2-api.jar with ClasspathEntrySnapshotTransform
Transforming lifecycle-common-2.6.2.jar with ClasspathEntrySnapshotTransform
Transforming kotlinx-coroutines-android-1.8.1.jar with ClasspathEntrySnapshotTransform
Transforming kotlinx-coroutines-core-jvm-1.8.1.jar with ClasspathEntrySnapshotTransform
Transforming versionedparcelable-1.1.1-api.jar with ClasspathEntrySnapshotTransform
Transforming core-common-2.2.0.jar with ClasspathEntrySnapshotTransform
Transforming collection-1.0.0.jar with ClasspathEntrySnapshotTransform
Transforming annotation-jvm-1.6.0.jar with ClasspathEntrySnapshotTransform
Transforming annotation-experimental-1.4.0-api.jar with ClasspathEntrySnapshotTransform
Transforming kotlin-stdlib-1.9.24.jar with ClasspathEntrySnapshotTransform
Transforming annotations-23.0.0.jar with ClasspathEntrySnapshotTransform
Transforming android.jar with ClasspathEntrySnapshotTransform
Transforming core-lambda-stubs.jar with ClasspathEntrySnapshotTransform
Caching disabled for task ':core:baseline:compileDebugKotlin' because:
  Build cache is disabled
Skipping task ':core:baseline:compileDebugKotlin' as it is up-to-date.
Resolve mutations for :core:baseline:javaPreCompileDebug (Thread[#69,Execution worker Thread 3,5,main]) started.
:core:baseline:javaPreCompileDebug (Thread[#69,Execution worker Thread 3,5,main]) started.

> Task :core:baseline:javaPreCompileDebug UP-TO-DATE
Caching disabled for task ':core:baseline:javaPreCompileDebug' because:
  Build cache is disabled
Skipping task ':core:baseline:javaPreCompileDebug' as it is up-to-date.
Resolve mutations for :core:baseline:compileDebugJavaWithJavac (Thread[#69,Execution worker Thread 3,5,main]) started.
:core:baseline:compileDebugJavaWithJavac (Thread[#69,Execution worker Thread 3,5,main]) started.

> Task :core:baseline:compileDebugJavaWithJavac NO-SOURCE
Skipping task ':core:baseline:compileDebugJavaWithJavac' as it has no source files and no previous output files.
Resolve mutations for :core:baseline:bundleLibRuntimeToJarDebug (Thread[#69,Execution worker Thread 3,5,main]) started.
:core:baseline:bundleLibRuntimeToJarDebug (Thread[#69,Execution worker Thread 3,5,main]) started.

> Task :core:baseline:bundleLibRuntimeToJarDebug UP-TO-DATE
Caching disabled for task ':core:baseline:bundleLibRuntimeToJarDebug' because:
  Build cache is disabled
Skipping task ':core:baseline:bundleLibRuntimeToJarDebug' as it is up-to-date.
work action resolve classes.jar (project :core:baseline) (Thread[#67,Execution worker,5,main]) started.
Resolve mutations for :core:baseline:bundleLibCompileToJarDebug (Thread[#67,Execution worker,5,main]) started.
:core:baseline:bundleLibCompileToJarDebug (Thread[#67,Execution worker,5,main]) started.

> Task :core:baseline:bundleLibCompileToJarDebug UP-TO-DATE
Caching disabled for task ':core:baseline:bundleLibCompileToJarDebug' because:
  Build cache is disabled
Skipping task ':core:baseline:bundleLibCompileToJarDebug' as it is up-to-date.
work action resolve classes.jar (project :core:baseline) (Thread[#67,Execution worker,5,main]) started.
Resolve mutations for :core:baseline:preDebugUnitTestBuild (Thread[#67,Execution worker,5,main]) started.
:core:baseline:preDebugUnitTestBuild (Thread[#67,Execution worker,5,main]) started.

> Task :core:baseline:preDebugUnitTestBuild UP-TO-DATE
Skipping task ':core:baseline:preDebugUnitTestBuild' as it has no actions.
Resolve mutations for :core:baseline:generateDebugUnitTestStubRFile (Thread[#70,Execution worker Thread 4,5,main]) started.
:core:baseline:generateDebugUnitTestStubRFile (Thread[#67,Execution worker,5,main]) started.

> Task :core:baseline:generateDebugUnitTestStubRFile UP-TO-DATE
Transforming core-ktx-1.13.1.aar (androidx.core:core-ktx:1.13.1) with ExtractAarTransform
Transforming core-1.13.1.aar (androidx.core:core:1.13.1) with ExtractAarTransform
Transforming lifecycle-runtime-2.6.2.aar (androidx.lifecycle:lifecycle-runtime:2.6.2) with ExtractAarTransform
Transforming annotation-experimental-1.4.0.aar (androidx.annotation:annotation-experimental:1.4.0) with ExtractAarTransform
Transforming versionedparcelable-1.1.1.aar (androidx.versionedparcelable:versionedparcelable:1.1.1) with ExtractAarTransform
Transforming interpolator-1.0.0.aar (androidx.interpolator:interpolator:1.0.0) with ExtractAarTransform
Transforming core-runtime-2.2.0.aar (androidx.arch.core:core-runtime:2.2.0) with ExtractAarTransform
Transforming versionedparcelable-1.1.1.aar (androidx.versionedparcelable:versionedparcelable:1.1.1) with LibrarySymbolTableTransform
Transforming core-ktx-1.13.1.aar (androidx.core:core-ktx:1.13.1) with LibrarySymbolTableTransform
Transforming interpolator-1.0.0.aar (androidx.interpolator:interpolator:1.0.0) with LibrarySymbolTableTransform
Transforming annotation-experimental-1.4.0.aar (androidx.annotation:annotation-experimental:1.4.0) with LibrarySymbolTableTransform
Transforming lifecycle-runtime-2.6.2.aar (androidx.lifecycle:lifecycle-runtime:2.6.2) with LibrarySymbolTableTransform
Transforming core-runtime-2.2.0.aar (androidx.arch.core:core-runtime:2.2.0) with LibrarySymbolTableTransform
Transforming profileinstaller-1.3.0.aar (androidx.profileinstaller:profileinstaller:1.3.0) with ExtractAarTransform
Transforming startup-runtime-1.1.1.aar (androidx.startup:startup-runtime:1.1.1) with ExtractAarTransform
Transforming tracing-1.0.0.aar (androidx.tracing:tracing:1.0.0) with ExtractAarTransform
Transforming profileinstaller-1.3.0.aar (androidx.profileinstaller:profileinstaller:1.3.0) with LibrarySymbolTableTransform
Transforming tracing-1.0.0.aar (androidx.tracing:tracing:1.0.0) with LibrarySymbolTableTransform
Transforming startup-runtime-1.1.1.aar (androidx.startup:startup-runtime:1.1.1) with LibrarySymbolTableTransform
Transforming core-1.13.1.aar (androidx.core:core:1.13.1) with LibrarySymbolTableTransform
Transforming android.jar with PlatformAttrTransform
Caching disabled for task ':core:baseline:generateDebugUnitTestStubRFile' because:
  Build cache is disabled
Skipping task ':core:baseline:generateDebugUnitTestStubRFile' as it is up-to-date.
Resolve mutations for :core:baseline:compileDebugUnitTestKotlin (Thread[#67,Execution worker,5,main]) started.
:core:baseline:compileDebugUnitTestKotlin (Thread[#67,Execution worker,5,main]) started.
Resolve mutations for :core:baseline:javaPreCompileDebugUnitTest (Thread[#66,included builds,5,main]) started.
:core:baseline:javaPreCompileDebugUnitTest (Thread[#70,Execution worker Thread 4,5,main]) started.

> Task :core:baseline:javaPreCompileDebugUnitTest UP-TO-DATE
Caching disabled for task ':core:baseline:javaPreCompileDebugUnitTest' because:
  Build cache is disabled
Skipping task ':core:baseline:javaPreCompileDebugUnitTest' as it is up-to-date.
Resolve mutations for :core:baseline:processDebugJavaRes (Thread[#66,included builds,5,main]) started.
:core:baseline:processDebugJavaRes (Thread[#66,included builds,5,main]) started.

> Task :core:baseline:processDebugJavaRes UP-TO-DATE
file or directory '/data/data/com.termux/files/home/play-ground/ronin_shm/core/baseline/src/main/resources', not found
file or directory '/data/data/com.termux/files/home/play-ground/ronin_shm/core/baseline/src/debug/resources', not found
file or directory '/data/data/com.termux/files/home/play-ground/ronin_shm/core/baseline/src/main/resources', not found
file or directory '/data/data/com.termux/files/home/play-ground/ronin_shm/core/baseline/src/debug/resources', not found
Caching disabled for task ':core:baseline:processDebugJavaRes' because:
  Build cache is disabled
Skipping task ':core:baseline:processDebugJavaRes' as it is up-to-date.
work action resolve out (project :core:baseline) (Thread[#70,Execution worker Thread 4,5,main]) started.

> Task :core:baseline:compileDebugUnitTestKotlin
Transforming junit-4.13.2.jar (junit:junit:4.13.2) with IdentityTransform
Transforming kotlinx-coroutines-test-jvm-1.8.1.jar (org.jetbrains.kotlinx:kotlinx-coroutines-test-jvm:1.8.1) with IdentityTransform
Transforming hamcrest-core-1.3.jar (org.hamcrest:hamcrest-core:1.3) with IdentityTransform
Transforming R.jar with ClasspathEntrySnapshotTransform
Transforming classes.jar with ClasspathEntrySnapshotTransform
Transforming core-ktx-1.13.1-api.jar with ClasspathEntrySnapshotTransform
Transforming core-1.13.1-api.jar with ClasspathEntrySnapshotTransform
Transforming lifecycle-runtime-2.6.2-api.jar with ClasspathEntrySnapshotTransform
Transforming lifecycle-common-2.6.2.jar with ClasspathEntrySnapshotTransform
Transforming kotlinx-coroutines-android-1.8.1.jar with ClasspathEntrySnapshotTransform
Transforming kotlinx-coroutines-test-jvm-1.8.1.jar with ClasspathEntrySnapshotTransform
Transforming kotlinx-coroutines-core-jvm-1.8.1.jar with ClasspathEntrySnapshotTransform
Transforming versionedparcelable-1.1.1-api.jar with ClasspathEntrySnapshotTransform
Transforming core-common-2.2.0.jar with ClasspathEntrySnapshotTransform
Transforming collection-1.0.0.jar with ClasspathEntrySnapshotTransform
Transforming annotation-jvm-1.6.0.jar with ClasspathEntrySnapshotTransform
Transforming annotation-experimental-1.4.0-api.jar with ClasspathEntrySnapshotTransform
Transforming kotlin-stdlib-1.9.24.jar with ClasspathEntrySnapshotTransform
Transforming junit-4.13.2.jar with ClasspathEntrySnapshotTransform
Transforming hamcrest-core-1.3.jar with ClasspathEntrySnapshotTransform
Transforming annotations-23.0.0.jar with ClasspathEntrySnapshotTransform
Transforming android.jar with ClasspathEntrySnapshotTransform
Transforming core-lambda-stubs.jar with ClasspathEntrySnapshotTransform
Caching disabled for task ':core:baseline:compileDebugUnitTestKotlin' because:
  Build cache is disabled
Task ':core:baseline:compileDebugUnitTestKotlin' is not up-to-date because:
  Input property 'sources' file /data/data/com.termux/files/home/play-ground/ronin_shm/core/baseline/src/test/kotlin/com/ronin/phoneshm/core/baseline/DefaultBaselineManagerEngineTest.kt has changed.
file or directory '/data/data/com.termux/files/home/play-ground/ronin_shm/core/baseline/src/debugUnitTest/kotlin', not found
file or directory '/data/data/com.termux/files/home/play-ground/ronin_shm/core/baseline/src/test/java', not found
file or directory '/data/data/com.termux/files/home/play-ground/ronin_shm/core/baseline/src/test/java', not found
file or directory '/data/data/com.termux/files/home/play-ground/ronin_shm/core/baseline/src/testDebug/kotlin', not found
file or directory '/data/data/com.termux/files/home/play-ground/ronin_shm/core/baseline/src/testDebug/kotlin', not found
file or directory '/data/data/com.termux/files/home/play-ground/ronin_shm/core/baseline/src/testDebug/java', not found
file or directory '/data/data/com.termux/files/home/play-ground/ronin_shm/core/baseline/src/testDebug/kotlin', not found
file or directory '/data/data/com.termux/files/home/play-ground/ronin_shm/core/baseline/src/testDebug/java', not found
file or directory '/data/data/com.termux/files/home/play-ground/ronin_shm/core/baseline/src/test/java', not found
file or directory '/data/data/com.termux/files/home/play-ground/ronin_shm/core/baseline/src/testDebug/java', not found
file or directory '/data/data/com.termux/files/home/play-ground/ronin_shm/core/baseline/src/debugUnitTest/kotlin', not found
file or directory '/data/data/com.termux/files/home/play-ground/ronin_shm/core/baseline/src/test/java', not found
file or directory '/data/data/com.termux/files/home/play-ground/ronin_shm/core/baseline/src/test/java', not found
file or directory '/data/data/com.termux/files/home/play-ground/ronin_shm/core/baseline/src/testDebug/kotlin', not found
file or directory '/data/data/com.termux/files/home/play-ground/ronin_shm/core/baseline/src/testDebug/kotlin', not found
file or directory '/data/data/com.termux/files/home/play-ground/ronin_shm/core/baseline/src/testDebug/java', not found
file or directory '/data/data/com.termux/files/home/play-ground/ronin_shm/core/baseline/src/testDebug/kotlin', not found
file or directory '/data/data/com.termux/files/home/play-ground/ronin_shm/core/baseline/src/testDebug/java', not found
file or directory '/data/data/com.termux/files/home/play-ground/ronin_shm/core/baseline/src/test/java', not found
file or directory '/data/data/com.termux/files/home/play-ground/ronin_shm/core/baseline/src/testDebug/java', not found
file or directory '/data/data/com.termux/files/home/play-ground/ronin_shm/core/baseline/src/debugUnitTest/kotlin', not found
file or directory '/data/data/com.termux/files/home/play-ground/ronin_shm/core/baseline/src/test/java', not found
file or directory '/data/data/com.termux/files/home/play-ground/ronin_shm/core/baseline/src/test/java', not found
file or directory '/data/data/com.termux/files/home/play-ground/ronin_shm/core/baseline/src/testDebug/kotlin', not found
file or directory '/data/data/com.termux/files/home/play-ground/ronin_shm/core/baseline/src/testDebug/kotlin', not found
file or directory '/data/data/com.termux/files/home/play-ground/ronin_shm/core/baseline/src/testDebug/java', not found
file or directory '/data/data/com.termux/files/home/play-ground/ronin_shm/core/baseline/src/testDebug/kotlin', not found
file or directory '/data/data/com.termux/files/home/play-ground/ronin_shm/core/baseline/src/testDebug/java', not found
file or directory '/data/data/com.termux/files/home/play-ground/ronin_shm/core/baseline/src/test/java', not found
file or directory '/data/data/com.termux/files/home/play-ground/ronin_shm/core/baseline/src/testDebug/java', not found
file or directory '/data/data/com.termux/files/home/play-ground/ronin_shm/core/baseline/src/debugUnitTest/kotlin', not found
file or directory '/data/data/com.termux/files/home/play-ground/ronin_shm/core/baseline/src/test/java', not found
file or directory '/data/data/com.termux/files/home/play-ground/ronin_shm/core/baseline/src/test/java', not found
file or directory '/data/data/com.termux/files/home/play-ground/ronin_shm/core/baseline/src/testDebug/kotlin', not found
file or directory '/data/data/com.termux/files/home/play-ground/ronin_shm/core/baseline/src/testDebug/kotlin', not found
file or directory '/data/data/com.termux/files/home/play-ground/ronin_shm/core/baseline/src/testDebug/java', not found
file or directory '/data/data/com.termux/files/home/play-ground/ronin_shm/core/baseline/src/testDebug/kotlin', not found
file or directory '/data/data/com.termux/files/home/play-ground/ronin_shm/core/baseline/src/testDebug/java', not found
file or directory '/data/data/com.termux/files/home/play-ground/ronin_shm/core/baseline/src/test/java', not found
file or directory '/data/data/com.termux/files/home/play-ground/ronin_shm/core/baseline/src/testDebug/java', not found
Kotlin source files: /data/data/com.termux/files/home/play-ground/ronin_shm/core/baseline/src/test/kotlin/com/ronin/phoneshm/core/baseline/BaselineManagerEngineTest.kt, /data/data/com.termux/files/home/play-ground/ronin_shm/core/baseline/src/test/kotlin/com/ronin/phoneshm/core/baseline/DefaultBaselineManagerEngineTest.kt
Java source files: 
Script source files: 
Script file extensions: 
Using Kotlin/JVM incremental compilation
[KOTLIN] Kotlin compilation 'jdkHome' argument: null
i: found daemon on port 17478 (1704749 ms old), trying to connect
i: cannot connect to registry: Connection refused
i: found seemingly orphaned run file '/data/data/com.termux/files/home/.local/share/kotlin/daemon/kotlin-daemon.2026-07-25T06-19-40.929Z.670efe817264cd31d74885af91756875.17478.run' (1704749 ms old), deleting it
i: found daemon on port 17202 (1607637 ms old), trying to connect
i: cannot connect to registry: Connection refused
i: found seemingly orphaned run file '/data/data/com.termux/files/home/.local/share/kotlin/daemon/kotlin-daemon.2026-07-25T06-21-18.042Z.670efe817264cd31d74885af91756875.17202.run' (1607637 ms old), deleting it
i: starting the daemon as: /data/data/com.termux/files/usr/lib/jvm/java-21-openjdk/bin/java -cp /data/data/com.termux/files/home/.gradle/caches/modules-2/files-2.1/org.jetbrains.kotlin/kotlin-compiler-embeddable/1.9.24/78dab849090e6c5e2eadb6e59a11cdc28fb67a08/kotlin-compiler-embeddable-1.9.24.jar:/data/data/com.termux/files/home/.gradle/caches/modules-2/files-2.1/org.jetbrains.kotlin/kotlin-stdlib/1.9.24/9928532f12c66ad816a625b3f9984f8368ca6d2b/kotlin-stdlib-1.9.24.jar:/data/data/com.termux/files/home/.gradle/caches/modules-2/files-2.1/org.jetbrains.kotlin/kotlin-script-runtime/1.9.24/96771497da90fbc5af1c90fce148db2595a62502/kotlin-script-runtime-1.9.24.jar:/data/data/com.termux/files/home/.gradle/caches/modules-2/files-2.1/org.jetbrains.kotlin/kotlin-reflect/1.6.10/1cbe9c92c12a94eea200d23c2bbaedaf3daf5132/kotlin-reflect-1.6.10.jar:/data/data/com.termux/files/home/.gradle/caches/modules-2/files-2.1/org.jetbrains.kotlin/kotlin-daemon-embeddable/1.9.24/86685b9c5e8d170925bd9ddbdc263374a6a73281/kotlin-daemon-embeddable-1.9.24.jar:/data/data/com.termux/files/home/.gradle/caches/modules-2/files-2.1/org.jetbrains.intellij.deps/trove4j/1.0.20200330/3afb14d5f9ceb459d724e907a21145e8ff394f02/trove4j-1.0.20200330.jar:/data/data/com.termux/files/home/.gradle/caches/modules-2/files-2.1/org.jetbrains/annotations/13.0/919f0dfe192fb4e063e7dacadee7f8bb9a2672a9/annotations-13.0.jar -Djava.awt.headless=true -D$java.rmi.server.hostname=127.0.0.1 -Xmx4g -Dkotlin.environment.keepalive -ea --add-exports java.base/sun.nio.ch=ALL-UNNAMED org.jetbrains.kotlin.daemon.KotlinCompileDaemon --daemon-runFilesPath /data/data/com.termux/files/home/.local/share/kotlin/daemon --daemon-autoshutdownIdleSeconds=7200 --daemon-compilerClasspath /data/data/com.termux/files/home/.gradle/caches/modules-2/files-2.1/org.jetbrains.kotlin/kotlin-compiler-embeddable/1.9.24/78dab849090e6c5e2eadb6e59a11cdc28fb67a08/kotlin-compiler-embeddable-1.9.24.jar:/data/data/com.termux/files/home/.gradle/caches/modules-2/files-2.1/org.jetbrains.kotlin/kotlin-stdlib/1.9.24/9928532f12c66ad816a625b3f9984f8368ca6d2b/kotlin-stdlib-1.9.24.jar:/data/data/com.termux/files/home/.gradle/caches/modules-2/files-2.1/org.jetbrains.kotlin/kotlin-script-runtime/1.9.24/96771497da90fbc5af1c90fce148db2595a62502/kotlin-script-runtime-1.9.24.jar:/data/data/com.termux/files/home/.gradle/caches/modules-2/files-2.1/org.jetbrains.kotlin/kotlin-reflect/1.6.10/1cbe9c92c12a94eea200d23c2bbaedaf3daf5132/kotlin-reflect-1.6.10.jar:/data/data/com.termux/files/home/.gradle/caches/modules-2/files-2.1/org.jetbrains.kotlin/kotlin-daemon-embeddable/1.9.24/86685b9c5e8d170925bd9ddbdc263374a6a73281/kotlin-daemon-embeddable-1.9.24.jar:/data/data/com.termux/files/home/.gradle/caches/modules-2/files-2.1/org.jetbrains.intellij.deps/trove4j/1.0.20200330/3afb14d5f9ceb459d724e907a21145e8ff394f02/trove4j-1.0.20200330.jar:/data/data/com.termux/files/home/.gradle/caches/modules-2/files-2.1/org.jetbrains/annotations/13.0/919f0dfe192fb4e063e7dacadee7f8bb9a2672a9/annotations-13.0.jar
i: [daemon client] Could not start process with native process launcher, falling back to ProcessBuilder#start (net.rubygrapefruit.platform.NativeIntegrationUnavailableException: Native integration is not available for Linux aarch64.)
i: Received the message signalling that the daemon is ready
i: new daemon started, trying to find it
i: found daemon on port 17682 (32 ms old), trying to connect
i: connected to the daemon
Options for KOTLIN DAEMON: IncrementalCompilationOptions(super=CompilationOptions(compilerMode=INCREMENTAL_COMPILER, targetPlatform=JVM, reportCategories=[0, 3], reportSeverity=2, requestedCompilationResults=[0], kotlinScriptExtensions=[]), areFileChangesKnown=true, modifiedFiles=[/data/data/com.termux/files/home/play-ground/ronin_shm/core/baseline/src/test/kotlin/com/ronin/phoneshm/core/baseline/DefaultBaselineManagerEngineTest.kt], deletedFiles=[], classpathChanges=NoChanges, workingDir=/data/data/com.termux/files/home/play-ground/ronin_shm/core/baseline/build/kotlin/compileDebugUnitTestKotlin/cacheable, multiModuleICSettings=MultiModuleICSettings(buildHistoryFile=/data/data/com.termux/files/home/play-ground/ronin_shm/core/baseline/build/kotlin/compileDebugUnitTestKotlin/local-state/build-history.bin, useModuleDetection=true), usePreciseJavaTracking=true, outputFiles=[/data/data/com.termux/files/home/play-ground/ronin_shm/core/baseline/build/tmp/kotlin-classes/debugUnitTest, /data/data/com.termux/files/home/play-ground/ronin_shm/core/baseline/build/kotlin/compileDebugUnitTestKotlin/cacheable, /data/data/com.termux/files/home/play-ground/ronin_shm/core/baseline/build/kotlin/compileDebugUnitTestKotlin/local-state])
Resolve mutations for :core:baseline:compileDebugUnitTestJavaWithJavac (Thread[#67,Execution worker,5,main]) started.
:core:baseline:compileDebugUnitTestJavaWithJavac (Thread[#67,Execution worker,5,main]) started.

> Task :core:baseline:compileDebugUnitTestJavaWithJavac NO-SOURCE
Skipping task ':core:baseline:compileDebugUnitTestJavaWithJavac' as it has no source files and no previous output files.
Resolve mutations for :core:baseline:processDebugUnitTestJavaRes (Thread[#67,Execution worker,5,main]) started.
:core:baseline:processDebugUnitTestJavaRes (Thread[#70,Execution worker Thread 4,5,main]) started.

> Task :core:baseline:processDebugUnitTestJavaRes UP-TO-DATE
file or directory '/data/data/com.termux/files/home/play-ground/ronin_shm/core/baseline/src/test/resources', not found
file or directory '/data/data/com.termux/files/home/play-ground/ronin_shm/core/baseline/src/testDebug/resources', not found
file or directory '/data/data/com.termux/files/home/play-ground/ronin_shm/core/baseline/src/test/resources', not found
file or directory '/data/data/com.termux/files/home/play-ground/ronin_shm/core/baseline/src/testDebug/resources', not found
Caching disabled for task ':core:baseline:processDebugUnitTestJavaRes' because:
  Build cache is disabled
Skipping task ':core:baseline:processDebugUnitTestJavaRes' as it is up-to-date.
Resolve mutations for :core:baseline:testDebugUnitTest (Thread[#67,Execution worker,5,main]) started.
:core:baseline:testDebugUnitTest (Thread[#67,Execution worker,5,main]) started.
Gradle Test Executor 1 started executing tests.

> Task :core:baseline:testDebugUnitTest
Transforming junit-4.13.2.jar (junit:junit:4.13.2) with IdentityTransform
Transforming kotlinx-coroutines-test-jvm-1.8.1.jar (org.jetbrains.kotlinx:kotlinx-coroutines-test-jvm:1.8.1) with IdentityTransform
Transforming core-ktx-1.13.1.aar (androidx.core:core-ktx:1.13.1) with AarToClassTransform
Transforming core-1.13.1.aar (androidx.core:core:1.13.1) with AarToClassTransform
Transforming lifecycle-runtime-2.6.2.aar (androidx.lifecycle:lifecycle-runtime:2.6.2) with AarToClassTransform
Transforming lifecycle-common-2.6.2.jar (androidx.lifecycle:lifecycle-common:2.6.2) with IdentityTransform
Transforming kotlinx-coroutines-android-1.8.1.jar (org.jetbrains.kotlinx:kotlinx-coroutines-android:1.8.1) with IdentityTransform
Transforming kotlinx-coroutines-core-jvm-1.8.1.jar (org.jetbrains.kotlinx:kotlinx-coroutines-core-jvm:1.8.1) with IdentityTransform
Transforming annotation-experimental-1.4.0.aar (androidx.annotation:annotation-experimental:1.4.0) with AarToClassTransform
Transforming versionedparcelable-1.1.1.aar (androidx.versionedparcelable:versionedparcelable:1.1.1) with AarToClassTransform
Transforming collection-1.0.0.jar (androidx.collection:collection:1.0.0) with IdentityTransform
Transforming interpolator-1.0.0.aar (androidx.interpolator:interpolator:1.0.0) with AarToClassTransform
Transforming core-runtime-2.2.0.aar (androidx.arch.core:core-runtime:2.2.0) with AarToClassTransform
Transforming core-common-2.2.0.jar (androidx.arch.core:core-common:2.2.0) with IdentityTransform
Transforming profileinstaller-1.3.0.aar (androidx.profileinstaller:profileinstaller:1.3.0) with AarToClassTransform
Transforming startup-runtime-1.1.1.aar (androidx.startup:startup-runtime:1.1.1) with AarToClassTransform
Transforming tracing-1.0.0.aar (androidx.tracing:tracing:1.0.0) with AarToClassTransform
Transforming annotation-jvm-1.6.0.jar (androidx.annotation:annotation-jvm:1.6.0) with IdentityTransform
Transforming kotlin-stdlib-1.9.24.jar (org.jetbrains.kotlin:kotlin-stdlib:1.9.24) with IdentityTransform
Transforming hamcrest-core-1.3.jar (org.hamcrest:hamcrest-core:1.3) with IdentityTransform
Transforming annotations-23.0.0.jar (org.jetbrains:annotations:23.0.0) with IdentityTransform
Transforming concurrent-futures-1.1.0.jar (androidx.concurrent:concurrent-futures:1.1.0) with IdentityTransform
Transforming listenablefuture-1.0.jar (com.google.guava:listenablefuture:1.0) with IdentityTransform
Transforming junit-4.13.2.jar (junit:junit:4.13.2) with IdentityTransform
Transforming kotlinx-coroutines-test-jvm-1.8.1.jar (org.jetbrains.kotlinx:kotlinx-coroutines-test-jvm:1.8.1) with IdentityTransform
Transforming core-ktx-1.13.1.aar (androidx.core:core-ktx:1.13.1) with ExtractAarTransform
Transforming core-ktx-1.13.1.aar (androidx.core:core-ktx:1.13.1) with AarTransform
Transforming core-1.13.1.aar (androidx.core:core:1.13.1) with ExtractAarTransform
Transforming core-1.13.1.aar (androidx.core:core:1.13.1) with AarTransform
Transforming lifecycle-runtime-2.6.2.aar (androidx.lifecycle:lifecycle-runtime:2.6.2) with ExtractAarTransform
Transforming lifecycle-runtime-2.6.2.aar (androidx.lifecycle:lifecycle-runtime:2.6.2) with AarTransform
Transforming lifecycle-common-2.6.2.jar (androidx.lifecycle:lifecycle-common:2.6.2) with IdentityTransform
Transforming kotlinx-coroutines-android-1.8.1.jar (org.jetbrains.kotlinx:kotlinx-coroutines-android:1.8.1) with IdentityTransform
Transforming kotlinx-coroutines-core-jvm-1.8.1.jar (org.jetbrains.kotlinx:kotlinx-coroutines-core-jvm:1.8.1) with IdentityTransform
Transforming annotation-experimental-1.4.0.aar (androidx.annotation:annotation-experimental:1.4.0) with ExtractAarTransform
Transforming annotation-experimental-1.4.0.aar (androidx.annotation:annotation-experimental:1.4.0) with AarTransform
Transforming versionedparcelable-1.1.1.aar (androidx.versionedparcelable:versionedparcelable:1.1.1) with ExtractAarTransform
Transforming versionedparcelable-1.1.1.aar (androidx.versionedparcelable:versionedparcelable:1.1.1) with AarTransform
Transforming collection-1.0.0.jar (androidx.collection:collection:1.0.0) with IdentityTransform
Transforming interpolator-1.0.0.aar (androidx.interpolator:interpolator:1.0.0) with ExtractAarTransform
Transforming interpolator-1.0.0.aar (androidx.interpolator:interpolator:1.0.0) with AarTransform
Transforming core-runtime-2.2.0.aar (androidx.arch.core:core-runtime:2.2.0) with ExtractAarTransform
Transforming core-runtime-2.2.0.aar (androidx.arch.core:core-runtime:2.2.0) with AarTransform
Transforming core-common-2.2.0.jar (androidx.arch.core:core-common:2.2.0) with IdentityTransform
Transforming profileinstaller-1.3.0.aar (androidx.profileinstaller:profileinstaller:1.3.0) with ExtractAarTransform
Transforming profileinstaller-1.3.0.aar (androidx.profileinstaller:profileinstaller:1.3.0) with AarTransform
Transforming concurrent-futures-1.1.0.jar (androidx.concurrent:concurrent-futures:1.1.0) with IdentityTransform
Transforming startup-runtime-1.1.1.aar (androidx.startup:startup-runtime:1.1.1) with ExtractAarTransform
Transforming startup-runtime-1.1.1.aar (androidx.startup:startup-runtime:1.1.1) with AarTransform
Transforming tracing-1.0.0.aar (androidx.tracing:tracing:1.0.0) with ExtractAarTransform
Transforming tracing-1.0.0.aar (androidx.tracing:tracing:1.0.0) with AarTransform
Transforming annotation-jvm-1.6.0.jar (androidx.annotation:annotation-jvm:1.6.0) with IdentityTransform
Transforming kotlin-stdlib-1.9.24.jar (org.jetbrains.kotlin:kotlin-stdlib:1.9.24) with IdentityTransform
Transforming hamcrest-core-1.3.jar (org.hamcrest:hamcrest-core:1.3) with IdentityTransform
Transforming annotations-23.0.0.jar (org.jetbrains:annotations:23.0.0) with IdentityTransform
Transforming listenablefuture-1.0.jar (com.google.guava:listenablefuture:1.0) with IdentityTransform
Transforming android.jar with MockableJarTransform
Transforming android.jar with MockableJarTransform
Caching disabled for task ':core:baseline:testDebugUnitTest' because:
  Build cache is disabled
Task ':core:baseline:testDebugUnitTest' is not up-to-date because:
  Value of input property 'filter.commandLineIncludePatterns' has changed for task ':core:baseline:testDebugUnitTest'
Transforming android.jar with MockableJarTransform
Transforming android.jar with MockableJarTransform
file or directory '/data/data/com.termux/files/home/play-ground/ronin_shm/core/baseline/build/intermediates/javac/debugUnitTest/compileDebugUnitTestJavaWithJavac/classes', not found
Starting process 'Gradle Test Executor 1'. Working directory: /data/data/com.termux/files/home/play-ground/ronin_shm/core/baseline Command: /data/data/com.termux/files/usr/lib/jvm/java-21-openjdk/bin/java -Djava.awt.headless=true -Djava.library.path=/usr/java/packages/lib:/usr/lib64:/lib64:/lib:/usr/lib:/data/data/com.termux/files/home/play-ground/ronin_shm/core/baseline/src/testDebug/jniLibs:/data/data/com.termux/files/home/play-ground/ronin_shm/core/baseline/src/test/jniLibs -Dorg.gradle.internal.worker.tmpdir=/data/data/com.termux/files/home/play-ground/ronin_shm/core/baseline/build/tmp/testDebugUnitTest/work -Dorg.gradle.native=false @/data/data/com.termux/files/home/.gradle/.tmp/gradle-worker-classpath17603733140968893581txt -Xmx512m -Dfile.encoding=UTF-8 -Duser.country -Duser.language=en -Duser.variant -ea worker.org.gradle.process.internal.worker.GradleWorkerMain 'Gradle Test Executor 1'
Successfully started process 'Gradle Test Executor 1'

com.ronin.phoneshm.core.baseline.DefaultBaselineManagerEngineTest > testResetIncidentBaseline STANDARD_OUT
    === ITEM C OUTPUT ===
    BuildingHash: incident_masonry_1_floor
    Profile BEFORE reset: meanF0Hz=26.801, stdF0Hz=13.07, n=9
    Reset action success: true
    Profile AFTER reset: null
    =====================

Gradle Test Executor 1 finished executing tests.

> Task :core:baseline:testDebugUnitTest
Finished generating test XML results (0.036 secs) into: /data/data/com.termux/files/home/play-ground/ronin_shm/core/baseline/build/test-results/testDebugUnitTest
Generating HTML test report...
Finished generating test html results (0.083 secs) into: /data/data/com.termux/files/home/play-ground/ronin_shm/core/baseline/build/reports/tests/testDebugUnitTest

BUILD SUCCESSFUL in 5m 46s
16 actionable tasks: 3 executed, 13 up-to-date
